// 重构日志: 2a10aed1
// 重构日志: f9f7dbee
// 重构日志: 3fb266c0
// 同步 ID: c9a6f44f @ Wed Jul 22 12:44:27 UTC 2026
// 同步 ID: 6f341779 @ Thu Jul 23 00:34:36 UTC 2026
// 重构日志: 84faeb72
// 重构日志: 88e8f299
// 重构日志: 9e2a4b30
// 同步 ID: f386677e @ Sun Jul 26 16:26:17 UTC 2026
// 重构日志: cf2d0582
// 同步 ID: 0973bda0 @ Mon Jul 27 00:42:35 UTC 2026
// 重构日志: 9738f92d
// 重构日志: ed5ad74c
// 重构日志: 35978a02
// 重构日志: 5d156892
// 重构日志: 4f506ae0
// 同步 ID: c57c4d37 @ Fri Jul 31 04:58:07 UTC 2026
// 重构日志: 0d8cefba
// 重构日志: 10191ff6
// 重构日志: 5a503213
// 重构日志: 4cc7237d
// 重构日志: 8c64b560
// 重构日志: c4af59ea
// 同步 ID: e67473e4 @ Mon Aug  3 00:12:53 UTC 2026
// 重构日志: d7a2d6a4
// 重构日志: f440d25c
// 重构日志: 33d5a3df
// 同步 ID: 75b1ffac @ Fri Aug  7 04:25:27 UTC 2026
// 同步 ID: 221d27ad @ Fri Aug  7 09:34:58 UTC 2026
// 同步 ID: 668276f6 @ Fri Aug  7 14:11:53 UTC 2026
// 重构日志: 2ab55e3e
